layer at (0,0) size 785x1432
  RenderView at (0,0) size 785x600
layer at (0,0) size 785x1432
  RenderBlock {HTML} at (0,0) size 785x1432
    RenderBody {BODY} at (0,0) size 785x1432
      RenderPartObject {IFRAME} at (0,0) size 785x748
        layer at (0,0) size 785x748
          RenderView at (0,0) size 785x748
        layer at (0,0) size 785x723
          RenderBlock {HTML} at (0,0) size 785x723
            RenderBody {BODY} at (0,5) size 785x718
              RenderBlock {DIV} at (0,0) size 785x18
                RenderText {#text} at (0,0) size 196x18
                  text run at (0,0) width 196: "CompatMode: CSS1Compat"
              RenderBlock (anonymous) at (0,23) size 785x695
                RenderBlock {DIV} at (0,30) size 167x55 [border: (1px solid #0000FF)]
                  RenderBlock {SPAN} at (1,12) size 80x0
                  RenderBR {BR} at (81,1) size 0x14
                RenderBlock {DIV} at (167,30) size 167x55 [border: (1px solid #0000FF)]
                  RenderBlock {SPAN} at (1,1) size 80x14
                    RenderText {#text} at (0,0) size 76x14
                      text run at (0,0) width 76: "disabled: \"true\","
                  RenderBR {BR} at (81,1) size 0x14
                RenderBlock {DIV} at (334,0) size 183x85 [border: (1px solid #0000FF)]
                  RenderBlock {SPAN} at (1,1) size 80x28
                    RenderText {#text} at (0,0) size 78x28
                      text run at (0,0) width 25: "style:"
                      text run at (0,14) width 78: "\"padding:10px\","
                  RenderBR {BR} at (81,15) size 0x14
                RenderBlock {DIV} at (517,20) size 163x65 [border: (1px solid #0000FF)]
                  RenderBlock {SPAN} at (1,1) size 80x28
                    RenderText {#text} at (0,0) size 72x28
                      text run at (0,0) width 25: "style:"
                      text run at (0,14) width 72: "\"padding:0px\","
                  RenderBR {BR} at (81,15) size 0x14
                RenderBlock {DIV} at (0,119) size 183x85 [border: (1px solid #0000FF)]
                  RenderBlock {SPAN} at (1,1) size 80x28
                    RenderText {#text} at (0,0) size 73x28
                      text run at (0,0) width 25: "style:"
                      text run at (0,14) width 73: "\"margin:10px\","
                  RenderBR {BR} at (81,15) size 0x14
                RenderBlock {DIV} at (183,139) size 163x65 [border: (1px solid #0000FF)]
                  RenderBlock {SPAN} at (1,1) size 80x28
                    RenderText {#text} at (0,0) size 67x28
                      text run at (0,0) width 25: "style:"
                      text run at (0,14) width 67: "\"margin:0px\","
                  RenderBR {BR} at (81,15) size 0x14
                RenderBlock {DIV} at (346,135) size 82x69 [border: (1px solid #0000FF)]
                  RenderBlock {SPAN} at (1,1) size 80x28
                    RenderText {#text} at (0,0) size 67x28
                      text run at (0,0) width 25: "style:"
                      text run at (0,14) width 67: "\"width:60px\","
                  RenderBR {BR} at (81,15) size 0x14
                RenderBlock {DIV} at (428,85) size 104x119 [border: (1px solid #0000FF)]
                  RenderBlock {SPAN} at (1,1) size 80x42
                    RenderText {#text} at (0,0) size 73x42
                      text run at (0,0) width 25: "style:"
                      text run at (0,14) width 62: "\"width:60px;"
                      text run at (0,28) width 73: "padding:20px\","
                  RenderBR {BR} at (81,29) size 0x14
                RenderBlock {DIV} at (532,125) size 82x79 [border: (1px solid #0000FF)]
                  RenderBlock {SPAN} at (1,1) size 80x42
                    RenderText {#text} at (0,0) size 62x42
                      text run at (0,0) width 25: "style:"
                      text run at (0,14) width 62: "\"width:60px;"
                      text run at (0,28) width 55: "padding:0\","
                  RenderBR {BR} at (81,29) size 0x14
                RenderBlock {DIV} at (614,105) size 167x99 [border: (1px solid #0000FF)]
                  RenderBlock {SPAN} at (1,1) size 80x28
                    RenderText {#text} at (0,0) size 69x28
                      text run at (0,0) width 25: "style:"
                      text run at (0,14) width 69: "\"height:60px\","
                  RenderBR {BR} at (81,15) size 0x14
                RenderBlock {DIV} at (0,218) size 82x113 [border: (1px solid #0000FF)]
                  RenderBlock {SPAN} at (1,1) size 80x42
                    RenderText {#text} at (0,0) size 64x42
                      text run at (0,0) width 25: "style:"
                      text run at (0,14) width 62: "\"width:60px;"
                      text run at (0,28) width 64: "height:60px\","
                  RenderBR {BR} at (81,29) size 0x14
                RenderBlock {DIV} at (82,262) size 167x69 [border: (1px solid #0000FF)]
                  RenderBlock {SPAN} at (1,1) size 80x28
                    RenderText {#text} at (0,0) size 91x28
                      text run at (0,0) width 25: "style:"
                      text run at (0,14) width 91: "\"overflow:hidden\","
                  RenderBR {BR} at (81,15) size 0x14
                RenderBlock {DIV} at (249,247) size 167x84 [border: (1px solid #0000FF)]
                  RenderBlock {SPAN} at (1,1) size 80x28
                    RenderText {#text} at (0,0) size 85x28
                      text run at (0,0) width 25: "style:"
                      text run at (0,14) width 85: "\"overflow:scroll\","
                  RenderBR {BR} at (81,15) size 0x14
                RenderBlock {DIV} at (416,204) size 82x127 [border: (1px solid #0000FF)]
                  RenderBlock {SPAN} at (1,1) size 80x56
                    RenderText {#text} at (0,0) size 86x56
                      text run at (0,0) width 25: "style:"
                      text run at (0,14) width 86: "\"overflow:hidden;"
                      text run at (0,28) width 57: "width:60px;"
                      text run at (0,42) width 64: "height:60px\","
                  RenderBR {BR} at (81,43) size 0x14
                RenderBlock {DIV} at (498,204) size 82x127 [border: (1px solid #0000FF)]
                  RenderBlock {SPAN} at (1,1) size 80x56
                    RenderText {#text} at (0,0) size 80x56
                      text run at (0,0) width 25: "style:"
                      text run at (0,14) width 80: "\"overflow:scroll;"
                      text run at (0,28) width 57: "width:60px;"
                      text run at (0,42) width 64: "height:60px\","
                  RenderBR {BR} at (81,43) size 0x14
                RenderBlock {DIV} at (580,218) size 82x113 [border: (1px solid #0000FF)]
                  RenderBlock {SPAN} at (1,1) size 80x42
                    RenderText {#text} at (0,0) size 72x42
                      text run at (0,0) width 72: "cols: \"5\", style:"
                      text run at (0,14) width 62: "\"width:60px;"
                      text run at (0,28) width 64: "height:60px\","
                  RenderBR {BR} at (81,29) size 0x14
                RenderBlock {DIV} at (662,218) size 82x113 [border: (1px solid #0000FF)]
                  RenderBlock {SPAN} at (1,1) size 80x42
                    RenderText {#text} at (0,0) size 77x42
                      text run at (0,0) width 77: "rows: \"4\", style:"
                      text run at (0,14) width 62: "\"width:60px;"
                      text run at (0,28) width 64: "height:60px\","
                  RenderBR {BR} at (81,29) size 0x14
                RenderBlock {DIV} at (0,331) size 82x127 [border: (1px solid #0000FF)]
                  RenderBlock {SPAN} at (1,1) size 80x56
                    RenderText {#text} at (0,0) size 74x56
                      text run at (0,0) width 74: "cols: \"5\", rows:"
                      text run at (0,14) width 47: "\"4\", style:"
                      text run at (0,28) width 62: "\"width:60px;"
                      text run at (0,42) width 64: "height:60px\","
                  RenderBR {BR} at (81,43) size 0x14
                RenderBlock {DIV} at (82,403) size 82x55 [border: (1px solid #0000FF)]
                  RenderBlock {SPAN} at (1,1) size 80x14
                    RenderText {#text} at (0,0) size 44x14
                      text run at (0,0) width 44: "cols: \"3\","
                  RenderBR {BR} at (81,1) size 0x14
                RenderBlock {DIV} at (164,390) size 167x68 [border: (1px solid #0000FF)]
                  RenderBlock {SPAN} at (1,1) size 80x14
                    RenderText {#text} at (0,0) size 49x14
                      text run at (0,0) width 49: "rows: \"3\","
                  RenderBR {BR} at (81,1) size 0x14
                RenderBlock {DIV} at (331,403) size 82x55 [border: (1px solid #0000FF)]
                  RenderBlock {SPAN} at (1,1) size 80x14
                    RenderText {#text} at (0,0) size 44x14
                      text run at (0,0) width 44: "cols: \"7\","
                  RenderBR {BR} at (81,1) size 0x14
                RenderBlock {DIV} at (413,338) size 167x120 [border: (1px solid #0000FF)]
                  RenderBlock {SPAN} at (1,1) size 80x14
                    RenderText {#text} at (0,0) size 49x14
                      text run at (0,0) width 49: "rows: \"7\","
                  RenderBR {BR} at (81,1) size 0x14
                RenderBlock {DIV} at (580,363) size 82x95 [border: (1px solid #0000FF)]
                  RenderBlock {SPAN} at (1,1) size 80x28
                    RenderText {#text} at (0,0) size 74x28
                      text run at (0,0) width 74: "cols: \"5\", rows:"
                      text run at (0,14) width 19: "\"4\","
                  RenderBR {BR} at (81,15) size 0x14
                RenderBlock {DIV} at (0,458) size 167x70 [border: (1px solid #0000FF)]
                  RenderBlock {SPAN} at (1,1) size 80x14
                    RenderText {#text} at (0,0) size 57x14
                      text run at (0,0) width 57: "wrap: \"off\","
                  RenderBR {BR} at (81,1) size 0x14
                RenderBlock {DIV} at (167,473) size 167x55 [border: (1px solid #0000FF)]
                  RenderBlock {SPAN} at (1,1) size 80x14
                    RenderText {#text} at (0,0) size 64x14
                      text run at (0,0) width 64: "wrap: \"hard\","
                  RenderBR {BR} at (81,1) size 0x14
                RenderBlock {DIV} at (334,473) size 167x55 [border: (1px solid #0000FF)]
                  RenderBlock {SPAN} at (1,1) size 80x14
                    RenderText {#text} at (0,0) size 61x14
                      text run at (0,0) width 61: "wrap: \"soft\","
                  RenderBR {BR} at (81,1) size 0x14
                RenderBlock {DIV} at (501,459) size 167x69 [border: (1px solid #0000FF)]
                  RenderBlock {SPAN} at (1,1) size 80x28
                    RenderText {#text} at (0,0) size 70x28
                      text run at (0,0) width 63: "style: \"white-"
                      text run at (0,14) width 70: "space:normal\","
                  RenderBR {BR} at (81,15) size 0x14
                RenderBlock {DIV} at (0,528) size 167x69 [border: (1px solid #0000FF)]
                  RenderBlock {SPAN} at (1,1) size 80x28
                    RenderText {#text} at (0,0) size 63x28
                      text run at (0,0) width 63: "style: \"white-"
                      text run at (0,14) width 52: "space:pre\","
                  RenderBR {BR} at (81,15) size 0x14
                RenderBlock {DIV} at (167,528) size 167x69 [border: (1px solid #0000FF)]
                  RenderBlock {SPAN} at (1,1) size 80x28
                    RenderText {#text} at (0,0) size 76x28
                      text run at (0,0) width 63: "style: \"white-"
                      text run at (0,14) width 76: "space:prewrap\","
                  RenderBR {BR} at (81,15) size 0x14
                RenderBlock {DIV} at (334,528) size 167x69 [border: (1px solid #0000FF)]
                  RenderBlock {SPAN} at (1,1) size 80x28
                    RenderText {#text} at (0,0) size 73x28
                      text run at (0,0) width 63: "style: \"white-"
                      text run at (0,14) width 73: "space:nowrap\","
                  RenderBR {BR} at (81,15) size 0x14
                RenderBlock {DIV} at (501,528) size 167x69 [border: (1px solid #0000FF)]
                  RenderBlock {SPAN} at (1,1) size 80x28
                    RenderText {#text} at (0,0) size 73x28
                      text run at (0,0) width 63: "style: \"white-"
                      text run at (0,14) width 73: "space:pre-line\","
                  RenderBR {BR} at (81,15) size 0x14
                RenderBlock {DIV} at (0,611) size 167x84 [border: (1px solid #0000FF)]
                  RenderBlock {SPAN} at (1,1) size 80x28
                    RenderText {#text} at (0,0) size 68x28
                      text run at (0,0) width 62: "style: \"word-"
                      text run at (0,14) width 68: "wrap:normal\","
                  RenderBR {BR} at (81,15) size 0x14
                RenderBlock {DIV} at (167,597) size 167x98 [border: (1px solid #0000FF)]
                  RenderBlock {SPAN} at (1,1) size 80x42
                    RenderText {#text} at (0,0) size 80x42
                      text run at (0,0) width 57: "wrap: \"off\","
                      text run at (0,14) width 63: "style: \"white-"
                      text run at (0,28) width 80: "space:pre-wrap\","
                  RenderBR {BR} at (81,29) size 0x14
        layer at (3,75) size 161x32 clip at (4,76) size 159x30
          RenderTextControl {TEXTAREA} at (3,17) size 161x32 [bgcolor=#FFFFFF] [border: (1px solid #000000)]
            RenderBlock {DIV} at (3,3) size 155x13
              RenderText {#text} at (0,0) size 102x13
                text run at (0,0) width 102: "Lorem ipsum dolor"
        layer at (170,75) size 161x32 clip at (171,76) size 144x30 scrollHeight 56
          RenderTextControl {TEXTAREA} at (3,17) size 161x32 [color=#545454] [bgcolor=#FFFFFF] [border: (1px solid #545454)]
            RenderBlock {DIV} at (3,3) size 140x52
              RenderText {#text} at (0,0) size 138x52
                text run at (0,0) width 105: "Lorem ipsum  dolor"
                text run at (104,0) width 5: " "
                text run at (0,13) width 138: "ABCDEFGHIJKLMNOPQRST"
                text run at (0,26) width 45: "UVWXYZ"
                text run at (44,26) width 5: " "
                text run at (0,39) width 130: "abcdefghijklmnopqrstuv"
        layer at (337,59) size 177x48 clip at (338,60) size 160x46 scrollHeight 72
          RenderTextControl {TEXTAREA} at (3,31) size 177x48 [bgcolor=#FFFFFF] [border: (1px solid #000000)]
            RenderBlock {DIV} at (11,11) size 140x52
              RenderText {#text} at (0,0) size 138x52
                text run at (0,0) width 105: "Lorem ipsum  dolor"
                text run at (104,0) width 5: " "
                text run at (0,13) width 138: "ABCDEFGHIJKLMNOPQRST"
                text run at (0,26) width 45: "UVWXYZ"
                text run at (44,26) width 5: " "
                text run at (0,39) width 130: "abcdefghijklmnopqrstuv"
        layer at (520,79) size 157x28 clip at (521,80) size 140x26 scrollHeight 52
          RenderTextControl {TEXTAREA} at (3,31) size 157x28 [bgcolor=#FFFFFF] [border: (1px solid #000000)]
            RenderBlock {DIV} at (1,1) size 140x52
              RenderText {#text} at (0,0) size 138x52
                text run at (0,0) width 105: "Lorem ipsum  dolor"
                text run at (104,0) width 5: " "
                text run at (0,13) width 138: "ABCDEFGHIJKLMNOPQRST"
                text run at (0,26) width 45: "UVWXYZ"
                text run at (44,26) width 5: " "
                text run at (0,39) width 130: "abcdefghijklmnopqrstuv"
        layer at (11,186) size 161x32 clip at (12,187) size 144x30 scrollHeight 56
          RenderTextControl {TEXTAREA} at (11,39) size 161x32 [bgcolor=#FFFFFF] [border: (1px solid #000000)]
            RenderBlock {DIV} at (3,3) size 140x52
              RenderText {#text} at (0,0) size 138x52
                text run at (0,0) width 105: "Lorem ipsum  dolor"
                text run at (104,0) width 5: " "
                text run at (0,13) width 138: "ABCDEFGHIJKLMNOPQRST"
                text run at (0,26) width 45: "UVWXYZ"
                text run at (44,26) width 5: " "
                text run at (0,39) width 130: "abcdefghijklmnopqrstuv"
        layer at (184,196) size 161x32 clip at (185,197) size 144x30 scrollHeight 56
          RenderTextControl {TEXTAREA} at (1,29) size 161x32 [bgcolor=#FFFFFF] [border: (1px solid #000000)]
            RenderBlock {DIV} at (3,3) size 140x52
              RenderText {#text} at (0,0) size 138x52
                text run at (0,0) width 105: "Lorem ipsum  dolor"
                text run at (104,0) width 5: " "
                text run at (0,13) width 138: "ABCDEFGHIJKLMNOPQRST"
                text run at (0,26) width 45: "UVWXYZ"
                text run at (44,26) width 5: " "
                text run at (0,39) width 130: "abcdefghijklmnopqrstuv"
        layer at (347,194) size 66x32 clip at (348,195) size 49x30 scrollHeight 160
          RenderTextControl {TEXTAREA} at (1,31) size 66x32 [bgcolor=#FFFFFF] [border: (1px solid #000000)]
            RenderBlock {DIV} at (3,3) size 45x156
              RenderText {#text} at (0,0) size 45x156
                text run at (0,0) width 34: "Lorem"
                text run at (33,0) width 5: " "
                text run at (0,13) width 33: "ipsum"
                text run at (32,13) width 8: "  "
                text run at (0,26) width 29: "dolor"
                text run at (28,26) width 4: " "
                text run at (0,39) width 42: "ABCDEF"
                text run at (0,52) width 36: "GHIJKL"
                text run at (0,65) width 41: "MNOPQ"
                text run at (0,78) width 45: "RSTUVW"
                text run at (0,91) width 21: "XYZ"
                text run at (20,91) width 4: " "
                text run at (0,104) width 43: "abcdefg"
                text run at (0,117) width 41: "hijklmn"
                text run at (0,130) width 42: "opqrstu"
                text run at (0,143) width 6: "v"
        layer at (429,158) size 102x68 clip at (430,159) size 85x66 scrollHeight 196
          RenderTextControl {TEXTAREA} at (1,45) size 102x68 [bgcolor=#FFFFFF] [border: (1px solid #000000)]
            RenderBlock {DIV} at (21,21) size 45x156
              RenderText {#text} at (0,0) size 45x156
                text run at (0,0) width 34: "Lorem"
                text run at (33,0) width 5: " "
                text run at (0,13) width 33: "ipsum"
                text run at (32,13) width 8: "  "
                text run at (0,26) width 29: "dolor"
                text run at (28,26) width 4: " "
                text run at (0,39) width 42: "ABCDEF"
                text run at (0,52) width 36: "GHIJKL"
                text run at (0,65) width 41: "MNOPQ"
                text run at (0,78) width 45: "RSTUVW"
                text run at (0,91) width 21: "XYZ"
                text run at (20,91) width 4: " "
                text run at (0,104) width 43: "abcdefg"
                text run at (0,117) width 41: "hijklmn"
                text run at (0,130) width 42: "opqrstu"
                text run at (0,143) width 6: "v"
        layer at (533,198) size 62x28 clip at (534,199) size 45x26 scrollHeight 156
          RenderTextControl {TEXTAREA} at (1,45) size 62x28 [bgcolor=#FFFFFF] [border: (1px solid #000000)]
            RenderBlock {DIV} at (1,1) size 45x156
              RenderText {#text} at (0,0) size 45x156
                text run at (0,0) width 34: "Lorem"
                text run at (33,0) width 5: " "
                text run at (0,13) width 33: "ipsum"
                text run at (32,13) width 8: "  "
                text run at (0,26) width 29: "dolor"
                text run at (28,26) width 4: " "
                text run at (0,39) width 42: "ABCDEF"
                text run at (0,52) width 36: "GHIJKL"
                text run at (0,65) width 41: "MNOPQ"
                text run at (0,78) width 45: "RSTUVW"
                text run at (0,91) width 21: "XYZ"
                text run at (20,91) width 4: " "
                text run at (0,104) width 43: "abcdefg"
                text run at (0,117) width 41: "hijklmn"
                text run at (0,130) width 42: "opqrstu"
                text run at (0,143) width 6: "v"
        layer at (617,162) size 161x66 clip at (618,163) size 159x64
          RenderTextControl {TEXTAREA} at (3,29) size 161x66 [bgcolor=#FFFFFF] [border: (1px solid #000000)]
            RenderBlock {DIV} at (3,3) size 155x52
              RenderText {#text} at (0,0) size 153x52
                text run at (0,0) width 105: "Lorem ipsum  dolor"
                text run at (104,0) width 5: " "
                text run at (0,13) width 153: "ABCDEFGHIJKLMNOPQRSTUV"
                text run at (0,26) width 30: "WXYZ"
                text run at (29,26) width 5: " "
                text run at (0,39) width 130: "abcdefghijklmnopqrstuv"
        layer at (1,289) size 66x66 clip at (2,290) size 49x64 scrollHeight 160
          RenderTextControl {TEXTAREA} at (1,43) size 66x66 [bgcolor=#FFFFFF] [border: (1px solid #000000)]
            RenderBlock {DIV} at (3,3) size 45x156
              RenderText {#text} at (0,0) size 45x156
                text run at (0,0) width 34: "Lorem"
                text run at (33,0) width 5: " "
                text run at (0,13) width 33: "ipsum"
                text run at (32,13) width 8: "  "
                text run at (0,26) width 29: "dolor"
                text run at (28,26) width 4: " "
                text run at (0,39) width 42: "ABCDEF"
                text run at (0,52) width 36: "GHIJKL"
                text run at (0,65) width 41: "MNOPQ"
                text run at (0,78) width 45: "RSTUVW"
                text run at (0,91) width 21: "XYZ"
                text run at (20,91) width 4: " "
                text run at (0,104) width 43: "abcdefg"
                text run at (0,117) width 41: "hijklmn"
                text run at (0,130) width 42: "opqrstu"
                text run at (0,143) width 6: "v"
        layer at (85,321) size 161x32 clip at (86,322) size 159x30 scrollHeight 56
          RenderTextControl {TEXTAREA} at (3,31) size 161x32 [bgcolor=#FFFFFF] [border: (1px solid #000000)]
            RenderBlock {DIV} at (3,3) size 155x52
              RenderText {#text} at (0,0) size 153x52
                text run at (0,0) width 105: "Lorem ipsum  dolor"
                text run at (104,0) width 5: " "
                text run at (0,13) width 153: "ABCDEFGHIJKLMNOPQRSTUV"
                text run at (0,26) width 30: "WXYZ"
                text run at (29,26) width 5: " "
                text run at (0,39) width 130: "abcdefghijklmnopqrstuv"
        layer at (252,306) size 161x47 clip at (253,307) size 144x30 scrollHeight 56
          RenderTextControl {TEXTAREA} at (3,31) size 161x47 [bgcolor=#FFFFFF] [border: (1px solid #000000)]
            RenderBlock {DIV} at (3,3) size 140x52
              RenderText {#text} at (0,0) size 138x52
                text run at (0,0) width 105: "Lorem ipsum  dolor"
                text run at (104,0) width 5: " "
                text run at (0,13) width 138: "ABCDEFGHIJKLMNOPQRST"
                text run at (0,26) width 45: "UVWXYZ"
                text run at (44,26) width 5: " "
                text run at (0,39) width 130: "abcdefghijklmnopqrstuv"
        layer at (417,289) size 66x66 clip at (418,290) size 64x64 scrollHeight 134
          RenderTextControl {TEXTAREA} at (1,57) size 66x66 [bgcolor=#FFFFFF] [border: (1px solid #000000)]
            RenderBlock {DIV} at (3,3) size 60x130
              RenderText {#text} at (0,0) size 60x130
                text run at (0,0) width 34: "Lorem"
                text run at (33,0) width 5: " "
                text run at (0,13) width 33: "ipsum"
                text run at (32,13) width 8: "  "
                text run at (0,26) width 29: "dolor"
                text run at (28,26) width 4: " "
                text run at (0,39) width 58: "ABCDEFGH"
                text run at (0,52) width 52: "IJKLMNOP"
                text run at (0,65) width 60: "QRSTUVWX"
                text run at (0,78) width 14: "YZ"
                text run at (13,78) width 4: " "
                text run at (0,91) width 56: "abcdefghij"
                text run at (0,104) width 58: "klmnopqrs"
                text run at (0,117) width 17: "tuv"
        layer at (499,289) size 66x66 clip at (500,290) size 49x49 scrollHeight 160
          RenderTextControl {TEXTAREA} at (1,57) size 66x66 [bgcolor=#FFFFFF] [border: (1px solid #000000)]
            RenderBlock {DIV} at (3,3) size 45x156
              RenderText {#text} at (0,0) size 45x156
                text run at (0,0) width 34: "Lorem"
                text run at (33,0) width 5: " "
                text run at (0,13) width 33: "ipsum"
                text run at (32,13) width 8: "  "
                text run at (0,26) width 29: "dolor"
                text run at (28,26) width 4: " "
                text run at (0,39) width 42: "ABCDEF"
                text run at (0,52) width 36: "GHIJKL"
                text run at (0,65) width 41: "MNOPQ"
                text run at (0,78) width 45: "RSTUVW"
                text run at (0,91) width 21: "XYZ"
                text run at (20,91) width 4: " "
                text run at (0,104) width 43: "abcdefg"
                text run at (0,117) width 41: "hijklmn"
                text run at (0,130) width 42: "opqrstu"
                text run at (0,143) width 6: "v"
        layer at (581,289) size 66x66 clip at (582,290) size 49x64 scrollHeight 160
          RenderTextControl {TEXTAREA} at (1,43) size 66x66 [bgcolor=#FFFFFF] [border: (1px solid #000000)]
            RenderBlock {DIV} at (3,3) size 45x156
              RenderText {#text} at (0,0) size 45x156
                text run at (0,0) width 34: "Lorem"
                text run at (33,0) width 5: " "
                text run at (0,13) width 33: "ipsum"
                text run at (32,13) width 8: "  "
                text run at (0,26) width 29: "dolor"
                text run at (28,26) width 4: " "
                text run at (0,39) width 42: "ABCDEF"
                text run at (0,52) width 36: "GHIJKL"
                text run at (0,65) width 41: "MNOPQ"
                text run at (0,78) width 45: "RSTUVW"
                text run at (0,91) width 21: "XYZ"
                text run at (20,91) width 4: " "
                text run at (0,104) width 43: "abcdefg"
                text run at (0,117) width 41: "hijklmn"
                text run at (0,130) width 42: "opqrstu"
                text run at (0,143) width 6: "v"
        layer at (663,289) size 66x66 clip at (664,290) size 49x64 scrollHeight 160
          RenderTextControl {TEXTAREA} at (1,43) size 66x66 [bgcolor=#FFFFFF] [border: (1px solid #000000)]
            RenderBlock {DIV} at (3,3) size 45x156
              RenderText {#text} at (0,0) size 45x156
                text run at (0,0) width 34: "Lorem"
                text run at (33,0) width 5: " "
                text run at (0,13) width 33: "ipsum"
                text run at (32,13) width 8: "  "
                text run at (0,26) width 29: "dolor"
                text run at (28,26) width 4: " "
                text run at (0,39) width 42: "ABCDEF"
                text run at (0,52) width 36: "GHIJKL"
                text run at (0,65) width 41: "MNOPQ"
                text run at (0,78) width 45: "RSTUVW"
                text run at (0,91) width 21: "XYZ"
                text run at (20,91) width 4: " "
                text run at (0,104) width 43: "abcdefg"
                text run at (0,117) width 41: "hijklmn"
                text run at (0,130) width 42: "opqrstu"
                text run at (0,143) width 6: "v"
        layer at (1,416) size 66x66 clip at (2,417) size 49x64 scrollHeight 160
          RenderTextControl {TEXTAREA} at (1,57) size 66x66 [bgcolor=#FFFFFF] [border: (1px solid #000000)]
            RenderBlock {DIV} at (3,3) size 45x156
              RenderText {#text} at (0,0) size 45x156
                text run at (0,0) width 34: "Lorem"
                text run at (33,0) width 5: " "
                text run at (0,13) width 33: "ipsum"
                text run at (32,13) width 8: "  "
                text run at (0,26) width 29: "dolor"
                text run at (28,26) width 4: " "
                text run at (0,39) width 42: "ABCDEF"
                text run at (0,52) width 36: "GHIJKL"
                text run at (0,65) width 41: "MNOPQ"
                text run at (0,78) width 45: "RSTUVW"
                text run at (0,91) width 21: "XYZ"
                text run at (20,91) width 4: " "
                text run at (0,104) width 43: "abcdefg"
                text run at (0,117) width 41: "hijklmn"
                text run at (0,130) width 42: "opqrstu"
                text run at (0,143) width 6: "v"
        layer at (85,448) size 42x32 clip at (86,449) size 25x30 scrollHeight 316
          RenderTextControl {TEXTAREA} at (3,17) size 42x32 [bgcolor=#FFFFFF] [border: (1px solid #000000)]
            RenderBlock {DIV} at (3,3) size 21x312
              RenderText {#text} at (0,0) size 21x312
                text run at (0,0) width 18: "Lor"
                text run at (0,13) width 17: "em"
                text run at (16,13) width 4: " "
                text run at (0,26) width 16: "ips"
                text run at (0,39) width 18: "um"
                text run at (17,39) width 4: "  "
                text run at (0,52) width 17: "dol"
                text run at (0,65) width 12: "or"
                text run at (11,65) width 4: " "
                text run at (0,78) width 14: "AB"
                text run at (0,91) width 16: "CD"
                text run at (0,104) width 20: "EFG"
                text run at (0,117) width 15: "HIJ"
                text run at (0,130) width 14: "KL"
                text run at (0,143) width 18: "MN"
                text run at (0,156) width 15: "OP"
                text run at (0,169) width 16: "QR"
                text run at (0,182) width 21: "STU"
                text run at (0,195) width 17: "VW"
                text run at (0,208) width 21: "XYZ"
                text run at (20,208) width 1: " "
                text run at (0,221) width 19: "abc"
                text run at (0,234) width 18: "def"
                text run at (0,247) width 21: "ghij"
                text run at (0,260) width 20: "klm"
                text run at (0,273) width 21: "nop"
                text run at (0,286) width 18: "qrs"
                text run at (0,299) width 17: "tuv"
        layer at (167,435) size 161x45 clip at (168,436) size 144x43 scrollHeight 56
          RenderTextControl {TEXTAREA} at (3,17) size 161x45 [bgcolor=#FFFFFF] [border: (1px solid #000000)]
            RenderBlock {DIV} at (3,3) size 140x52
              RenderText {#text} at (0,0) size 138x52
                text run at (0,0) width 105: "Lorem ipsum  dolor"
                text run at (104,0) width 5: " "
                text run at (0,13) width 138: "ABCDEFGHIJKLMNOPQRST"
                text run at (0,26) width 45: "UVWXYZ"
                text run at (44,26) width 5: " "
                text run at (0,39) width 130: "abcdefghijklmnopqrstuv"
        layer at (334,448) size 70x32 clip at (335,449) size 53x30 scrollHeight 147
          RenderTextControl {TEXTAREA} at (3,17) size 70x32 [bgcolor=#FFFFFF] [border: (1px solid #000000)]
            RenderBlock {DIV} at (3,3) size 49x143
              RenderText {#text} at (0,0) size 47x143
                text run at (0,0) width 34: "Lorem"
                text run at (33,0) width 5: " "
                text run at (0,13) width 33: "ipsum"
                text run at (32,13) width 8: "  "
                text run at (0,26) width 29: "dolor"
                text run at (28,26) width 4: " "
                text run at (0,39) width 42: "ABCDEF"
                text run at (0,52) width 46: "GHIJKLM"
                text run at (0,65) width 45: "NOPQRS"
                text run at (0,78) width 45: "TUVWXY"
                text run at (0,91) width 7: "Z"
                text run at (6,91) width 5: " "
                text run at (0,104) width 43: "abcdefg"
                text run at (0,117) width 47: "hijklmno"
                text run at (0,130) width 41: "pqrstuv"
        layer at (416,383) size 161x97 clip at (417,384) size 159x95
          RenderTextControl {TEXTAREA} at (3,17) size 161x97 [bgcolor=#FFFFFF] [border: (1px solid #000000)]
            RenderBlock {DIV} at (3,3) size 155x52
              RenderText {#text} at (0,0) size 153x52
                text run at (0,0) width 105: "Lorem ipsum  dolor"
                text run at (104,0) width 5: " "
                text run at (0,13) width 153: "ABCDEFGHIJKLMNOPQRSTUV"
                text run at (0,26) width 30: "WXYZ"
                text run at (29,26) width 5: " "
                text run at (0,39) width 130: "abcdefghijklmnopqrstuv"
        layer at (583,422) size 56x58 clip at (584,423) size 39x56 scrollHeight 186
          RenderTextControl {TEXTAREA} at (3,31) size 56x58 [bgcolor=#FFFFFF] [border: (1px solid #000000)]
            RenderBlock {DIV} at (3,3) size 35x182
              RenderText {#text} at (0,0) size 35x182
                text run at (0,0) width 34: "Lorem"
                text run at (33,0) width 2: " "
                text run at (0,13) width 33: "ipsum"
                text run at (0,26) width 7: "  "
                text run at (0,39) width 29: "dolor"
                text run at (28,39) width 4: " "
                text run at (0,52) width 30: "ABCD"
                text run at (0,65) width 35: "EFGHIJ"
                text run at (0,78) width 31: "KLMN"
                text run at (0,91) width 31: "OPQR"
                text run at (0,104) width 28: "STUV"
                text run at (0,117) width 30: "WXYZ"
                text run at (29,117) width 5: " "
                text run at (0,130) width 32: "abcde"
                text run at (0,143) width 34: "fghijkl"
                text run at (0,156) width 31: "mnop"
                text run at (0,169) width 34: "qrstuv"
        layer at (3,503) size 161x47 clip at (4,504) size 159x30 scrollWidth 427
          RenderTextControl {TEXTAREA} at (3,17) size 161x47 [bgcolor=#FFFFFF] [border: (1px solid #000000)]
            RenderBlock {DIV} at (3,3) size 155x13
              RenderText {#text} at (0,0) size 425x13
                text run at (0,0) width 425: "Lorem ipsum  dolor ABCDEFGHIJKLMNOPQRSTUVWXYZ abcdefghijklmnopqrstuv"
        layer at (170,518) size 161x32 clip at (171,519) size 144x30 scrollHeight 56
          RenderTextControl {TEXTAREA} at (3,17) size 161x32 [bgcolor=#FFFFFF] [border: (1px solid #000000)]
            RenderBlock {DIV} at (3,3) size 140x52
              RenderText {#text} at (0,0) size 138x52
                text run at (0,0) width 105: "Lorem ipsum  dolor"
                text run at (104,0) width 5: " "
                text run at (0,13) width 138: "ABCDEFGHIJKLMNOPQRST"
                text run at (0,26) width 45: "UVWXYZ"
                text run at (44,26) width 5: " "
                text run at (0,39) width 130: "abcdefghijklmnopqrstuv"
        layer at (337,518) size 161x32 clip at (338,519) size 144x30 scrollHeight 56
          RenderTextControl {TEXTAREA} at (3,17) size 161x32 [bgcolor=#FFFFFF] [border: (1px solid #000000)]
            RenderBlock {DIV} at (3,3) size 140x52
              RenderText {#text} at (0,0) size 138x52
                text run at (0,0) width 105: "Lorem ipsum  dolor"
                text run at (104,0) width 5: " "
                text run at (0,13) width 138: "ABCDEFGHIJKLMNOPQRST"
                text run at (0,26) width 45: "UVWXYZ"
                text run at (44,26) width 5: " "
                text run at (0,39) width 130: "abcdefghijklmnopqrstuv"
        layer at (504,518) size 161x32 clip at (505,519) size 144x30 scrollHeight 56
          RenderTextControl {TEXTAREA} at (3,31) size 161x32 [bgcolor=#FFFFFF] [border: (1px solid #000000)]
            RenderBlock {DIV} at (3,3) size 140x52
              RenderText {#text} at (0,0) size 138x52
                text run at (0,0) width 74: "Lorem ipsum "
                text run at (73,0) width 29: "dolor"
                text run at (0,13) width 138: "ABCDEFGHIJKLMNOPQRST"
                text run at (0,26) width 45: "UVWXYZ"
                text run at (0,39) width 130: "abcdefghijklmnopqrstuv"
        layer at (3,587) size 161x32 clip at (4,588) size 144x30 scrollHeight 56
          RenderTextControl {TEXTAREA} at (3,31) size 161x32 [bgcolor=#FFFFFF] [border: (1px solid #000000)]
            RenderBlock {DIV} at (3,3) size 140x52
              RenderText {#text} at (0,0) size 140x52
                text run at (0,0) width 139: "Lorem ipsum  dolor ABCD"
                text run at (0,13) width 140: "EFGHIJKLMNOPQRSTUVWX"
                text run at (0,26) width 135: "YZ abcdefghijklmnopqrst"
                text run at (0,39) width 13: "uv"
        layer at (170,587) size 161x32 clip at (171,588) size 144x30 scrollHeight 56
          RenderTextControl {TEXTAREA} at (3,31) size 161x32 [bgcolor=#FFFFFF] [border: (1px solid #000000)]
            RenderBlock {DIV} at (3,3) size 140x52
              RenderText {#text} at (0,0) size 138x52
                text run at (0,0) width 105: "Lorem ipsum  dolor"
                text run at (104,0) width 5: " "
                text run at (0,13) width 138: "ABCDEFGHIJKLMNOPQRST"
                text run at (0,26) width 45: "UVWXYZ"
                text run at (44,26) width 5: " "
                text run at (0,39) width 130: "abcdefghijklmnopqrstuv"
        layer at (337,587) size 161x32 clip at (338,588) size 144x15 scrollWidth 423 scrollHeight 17
          RenderTextControl {TEXTAREA} at (3,31) size 161x32 [bgcolor=#FFFFFF] [border: (1px solid #000000)]
            RenderBlock {DIV} at (3,3) size 155x13
              RenderText {#text} at (0,0) size 421x13
                text run at (0,0) width 74: "Lorem ipsum "
                text run at (73,0) width 348: "dolor ABCDEFGHIJKLMNOPQRSTUVWXYZ abcdefghijklmnopqrstuv"
        layer at (504,587) size 161x32 clip at (505,588) size 144x30 scrollHeight 56
          RenderTextControl {TEXTAREA} at (3,31) size 161x32 [bgcolor=#FFFFFF] [border: (1px solid #000000)]
            RenderBlock {DIV} at (3,3) size 140x52
              RenderText {#text} at (0,0) size 138x52
                text run at (0,0) width 74: "Lorem ipsum "
                text run at (73,0) width 29: "dolor"
                text run at (0,13) width 138: "ABCDEFGHIJKLMNOPQRST"
                text run at (0,26) width 45: "UVWXYZ"
                text run at (0,39) width 130: "abcdefghijklmnopqrstuv"
        layer at (3,670) size 161x47 clip at (4,671) size 144x30 scrollWidth 185 scrollHeight 43
          RenderTextControl {TEXTAREA} at (3,31) size 161x47 [bgcolor=#FFFFFF] [border: (1px solid #000000)]
            RenderBlock {DIV} at (3,3) size 155x39
              RenderText {#text} at (0,0) size 183x39
                text run at (0,0) width 105: "Lorem ipsum  dolor"
                text run at (104,0) width 5: " "
                text run at (0,13) width 183: "ABCDEFGHIJKLMNOPQRSTUVWXYZ"
                text run at (0,26) width 134: " abcdefghijklmnopqrstuv"
        layer at (170,670) size 161x47 clip at (171,671) size 144x30 scrollWidth 185 scrollHeight 43
          RenderTextControl {TEXTAREA} at (3,45) size 161x47 [bgcolor=#FFFFFF] [border: (1px solid #000000)]
            RenderBlock {DIV} at (3,3) size 155x39
              RenderText {#text} at (0,0) size 183x39
                text run at (0,0) width 105: "Lorem ipsum  dolor"
                text run at (104,0) width 5: " "
                text run at (0,13) width 183: "ABCDEFGHIJKLMNOPQRSTUVWXYZ"
                text run at (0,26) width 134: " abcdefghijklmnopqrstuv"
      RenderPartObject {IFRAME} at (0,748) size 785x684
        layer at (0,0) size 785x684
          RenderView at (0,0) size 785x684
        layer at (0,0) size 785x684
          RenderBlock {HTML} at (0,0) size 785x684
            RenderBody {BODY} at (0,5) size 785x679
              RenderBlock {DIV} at (0,0) size 785x18
                RenderText {#text} at (0,0) size 193x18
                  text run at (0,0) width 193: "CompatMode: BackCompat"
              RenderBlock (anonymous) at (0,23) size 785x656
                RenderBlock {DIV} at (0,44) size 162x38 [border: (1px solid #0000FF)]
                  RenderBlock {SPAN} at (1,1) size 80x0
                  RenderBR {BR} at (81,1) size 0x0
                RenderBlock {DIV} at (162,30) size 162x52 [border: (1px solid #0000FF)]
                  RenderBlock {SPAN} at (1,1) size 80x14
                    RenderText {#text} at (0,0) size 76x14
                      text run at (0,0) width 76: "disabled: \"true\","
                  RenderBR {BR} at (81,12) size 0x0
                RenderBlock {DIV} at (324,0) size 178x82 [border: (1px solid #0000FF)]
                  RenderBlock {SPAN} at (1,1) size 80x28
                    RenderText {#text} at (0,0) size 78x28
                      text run at (0,0) width 25: "style:"
                      text run at (0,14) width 78: "\"padding:10px\","
                  RenderBR {BR} at (81,26) size 0x0
                RenderBlock {DIV} at (502,20) size 158x62 [border: (1px solid #0000FF)]
                  RenderBlock {SPAN} at (1,1) size 80x28
                    RenderText {#text} at (0,0) size 72x28
                      text run at (0,0) width 25: "style:"
                      text run at (0,14) width 72: "\"padding:0px\","
                  RenderBR {BR} at (81,26) size 0x0
                RenderBlock {DIV} at (0,116) size 178x82 [border: (1px solid #0000FF)]
                  RenderBlock {SPAN} at (1,1) size 80x28
                    RenderText {#text} at (0,0) size 73x28
                      text run at (0,0) width 25: "style:"
                      text run at (0,14) width 73: "\"margin:10px\","
                  RenderBR {BR} at (81,26) size 0x0
                RenderBlock {DIV} at (178,136) size 158x62 [border: (1px solid #0000FF)]
                  RenderBlock {SPAN} at (1,1) size 80x28
                    RenderText {#text} at (0,0) size 67x28
                      text run at (0,0) width 25: "style:"
                      text run at (0,14) width 67: "\"margin:0px\","
                  RenderBR {BR} at (81,26) size 0x0
                RenderBlock {DIV} at (336,132) size 82x66 [border: (1px solid #0000FF)]
                  RenderBlock {SPAN} at (1,1) size 80x28
                    RenderText {#text} at (0,0) size 67x28
                      text run at (0,0) width 25: "style:"
                      text run at (0,14) width 67: "\"width:60px\","
                  RenderBR {BR} at (81,26) size 0x0
                RenderBlock {DIV} at (418,82) size 82x116 [border: (1px solid #0000FF)]
                  RenderBlock {SPAN} at (1,1) size 80x42
                    RenderText {#text} at (0,0) size 73x42
                      text run at (0,0) width 25: "style:"
                      text run at (0,14) width 62: "\"width:60px;"
                      text run at (0,28) width 73: "padding:20px\","
                  RenderBR {BR} at (81,40) size 0x0
                RenderBlock {DIV} at (500,122) size 82x76 [border: (1px solid #0000FF)]
                  RenderBlock {SPAN} at (1,1) size 80x42
                    RenderText {#text} at (0,0) size 62x42
                      text run at (0,0) width 25: "style:"
                      text run at (0,14) width 62: "\"width:60px;"
                      text run at (0,28) width 55: "padding:0\","
                  RenderBR {BR} at (81,40) size 0x0
                RenderBlock {DIV} at (582,108) size 162x90 [border: (1px solid #0000FF)]
                  RenderBlock {SPAN} at (1,1) size 80x28
                    RenderText {#text} at (0,0) size 69x28
                      text run at (0,0) width 25: "style:"
                      text run at (0,14) width 69: "\"height:60px\","
                  RenderBR {BR} at (81,26) size 0x0
                RenderBlock {DIV} at (0,212) size 82x104 [border: (1px solid #0000FF)]
                  RenderBlock {SPAN} at (1,1) size 80x42
                    RenderText {#text} at (0,0) size 64x42
                      text run at (0,0) width 25: "style:"
                      text run at (0,14) width 62: "\"width:60px;"
                      text run at (0,28) width 64: "height:60px\","
                  RenderBR {BR} at (81,40) size 0x0
                RenderBlock {DIV} at (82,250) size 162x66 [border: (1px solid #0000FF)]
                  RenderBlock {SPAN} at (1,1) size 80x28
                    RenderText {#text} at (0,0) size 91x28
                      text run at (0,0) width 25: "style:"
                      text run at (0,14) width 91: "\"overflow:hidden\","
                  RenderBR {BR} at (81,26) size 0x0
                RenderBlock {DIV} at (244,240) size 162x76 [border: (1px solid #0000FF)]
                  RenderBlock {SPAN} at (1,1) size 80x28
                    RenderText {#text} at (0,0) size 85x28
                      text run at (0,0) width 25: "style:"
                      text run at (0,14) width 85: "\"overflow:scroll\","
                  RenderBR {BR} at (81,26) size 0x0
                RenderBlock {DIV} at (406,198) size 82x118 [border: (1px solid #0000FF)]
                  RenderBlock {SPAN} at (1,1) size 80x56
                    RenderText {#text} at (0,0) size 86x56
                      text run at (0,0) width 25: "style:"
                      text run at (0,14) width 86: "\"overflow:hidden;"
                      text run at (0,28) width 57: "width:60px;"
                      text run at (0,42) width 64: "height:60px\","
                  RenderBR {BR} at (81,54) size 0x0
                RenderBlock {DIV} at (488,198) size 82x118 [border: (1px solid #0000FF)]
                  RenderBlock {SPAN} at (1,1) size 80x56
                    RenderText {#text} at (0,0) size 80x56
                      text run at (0,0) width 25: "style:"
                      text run at (0,14) width 80: "\"overflow:scroll;"
                      text run at (0,28) width 57: "width:60px;"
                      text run at (0,42) width 64: "height:60px\","
                  RenderBR {BR} at (81,54) size 0x0
                RenderBlock {DIV} at (570,212) size 82x104 [border: (1px solid #0000FF)]
                  RenderBlock {SPAN} at (1,1) size 80x42
                    RenderText {#text} at (0,0) size 72x42
                      text run at (0,0) width 72: "cols: \"5\", style:"
                      text run at (0,14) width 62: "\"width:60px;"
                      text run at (0,28) width 64: "height:60px\","
                  RenderBR {BR} at (81,40) size 0x0
                RenderBlock {DIV} at (652,212) size 82x104 [border: (1px solid #0000FF)]
                  RenderBlock {SPAN} at (1,1) size 80x42
                    RenderText {#text} at (0,0) size 77x42
                      text run at (0,0) width 77: "rows: \"4\", style:"
                      text run at (0,14) width 62: "\"width:60px;"
                      text run at (0,28) width 64: "height:60px\","
                  RenderBR {BR} at (81,40) size 0x0
                RenderBlock {DIV} at (0,316) size 82x118 [border: (1px solid #0000FF)]
                  RenderBlock {SPAN} at (1,1) size 80x56
                    RenderText {#text} at (0,0) size 74x56
                      text run at (0,0) width 74: "cols: \"5\", rows:"
                      text run at (0,14) width 47: "\"4\", style:"
                      text run at (0,28) width 62: "\"width:60px;"
                      text run at (0,42) width 64: "height:60px\","
                  RenderBR {BR} at (81,54) size 0x0
                RenderBlock {DIV} at (82,382) size 82x52 [border: (1px solid #0000FF)]
                  RenderBlock {SPAN} at (1,1) size 80x14
                    RenderText {#text} at (0,0) size 44x14
                      text run at (0,0) width 44: "cols: \"3\","
                  RenderBR {BR} at (81,12) size 0x0
                RenderBlock {DIV} at (164,369) size 162x65 [border: (1px solid #0000FF)]
                  RenderBlock {SPAN} at (1,1) size 80x14
                    RenderText {#text} at (0,0) size 49x14
                      text run at (0,0) width 49: "rows: \"3\","
                  RenderBR {BR} at (81,12) size 0x0
                RenderBlock {DIV} at (326,382) size 82x52 [border: (1px solid #0000FF)]
                  RenderBlock {SPAN} at (1,1) size 80x14
                    RenderText {#text} at (0,0) size 44x14
                      text run at (0,0) width 44: "cols: \"7\","
                  RenderBR {BR} at (81,12) size 0x0
                RenderBlock {DIV} at (408,317) size 162x117 [border: (1px solid #0000FF)]
                  RenderBlock {SPAN} at (1,1) size 80x14
                    RenderText {#text} at (0,0) size 49x14
                      text run at (0,0) width 49: "rows: \"7\","
                  RenderBR {BR} at (81,12) size 0x0
                RenderBlock {DIV} at (570,342) size 82x92 [border: (1px solid #0000FF)]
                  RenderBlock {SPAN} at (1,1) size 80x28
                    RenderText {#text} at (0,0) size 74x28
                      text run at (0,0) width 74: "cols: \"5\", rows:"
                      text run at (0,14) width 19: "\"4\","
                  RenderBR {BR} at (81,26) size 0x0
                RenderBlock {DIV} at (0,438) size 162x62 [border: (1px solid #0000FF)]
                  RenderBlock {SPAN} at (1,1) size 80x14
                    RenderText {#text} at (0,0) size 57x14
                      text run at (0,0) width 57: "wrap: \"off\","
                  RenderBR {BR} at (81,12) size 0x0
                RenderBlock {DIV} at (162,448) size 162x52 [border: (1px solid #0000FF)]
                  RenderBlock {SPAN} at (1,1) size 80x14
                    RenderText {#text} at (0,0) size 64x14
                      text run at (0,0) width 64: "wrap: \"hard\","
                  RenderBR {BR} at (81,12) size 0x0
                RenderBlock {DIV} at (324,448) size 162x52 [border: (1px solid #0000FF)]
                  RenderBlock {SPAN} at (1,1) size 80x14
                    RenderText {#text} at (0,0) size 61x14
                      text run at (0,0) width 61: "wrap: \"soft\","
                  RenderBR {BR} at (81,12) size 0x0
                RenderBlock {DIV} at (486,434) size 162x66 [border: (1px solid #0000FF)]
                  RenderBlock {SPAN} at (1,1) size 80x28
                    RenderText {#text} at (0,0) size 70x28
                      text run at (0,0) width 63: "style: \"white-"
                      text run at (0,14) width 70: "space:normal\","
                  RenderBR {BR} at (81,26) size 0x0
                RenderBlock {DIV} at (0,500) size 162x66 [border: (1px solid #0000FF)]
                  RenderBlock {SPAN} at (1,1) size 80x28
                    RenderText {#text} at (0,0) size 63x28
                      text run at (0,0) width 63: "style: \"white-"
                      text run at (0,14) width 52: "space:pre\","
                  RenderBR {BR} at (81,26) size 0x0
                RenderBlock {DIV} at (162,500) size 162x66 [border: (1px solid #0000FF)]
                  RenderBlock {SPAN} at (1,1) size 80x28
                    RenderText {#text} at (0,0) size 76x28
                      text run at (0,0) width 63: "style: \"white-"
                      text run at (0,14) width 76: "space:prewrap\","
                  RenderBR {BR} at (81,26) size 0x0
                RenderBlock {DIV} at (324,500) size 162x66 [border: (1px solid #0000FF)]
                  RenderBlock {SPAN} at (1,1) size 80x28
                    RenderText {#text} at (0,0) size 73x28
                      text run at (0,0) width 63: "style: \"white-"
                      text run at (0,14) width 73: "space:nowrap\","
                  RenderBR {BR} at (81,26) size 0x0
                RenderBlock {DIV} at (486,500) size 162x66 [border: (1px solid #0000FF)]
                  RenderBlock {SPAN} at (1,1) size 80x28
                    RenderText {#text} at (0,0) size 73x28
                      text run at (0,0) width 63: "style: \"white-"
                      text run at (0,14) width 73: "space:pre-line\","
                  RenderBR {BR} at (81,26) size 0x0
                RenderBlock {DIV} at (0,580) size 162x76 [border: (1px solid #0000FF)]
                  RenderBlock {SPAN} at (1,1) size 80x28
                    RenderText {#text} at (0,0) size 68x28
                      text run at (0,0) width 62: "style: \"word-"
                      text run at (0,14) width 68: "wrap:normal\","
                  RenderBR {BR} at (81,26) size 0x0
                RenderBlock {DIV} at (162,566) size 162x90 [border: (1px solid #0000FF)]
                  RenderBlock {SPAN} at (1,1) size 80x42
                    RenderText {#text} at (0,0) size 80x42
                      text run at (0,0) width 57: "wrap: \"off\","
                      text run at (0,14) width 63: "style: \"white-"
                      text run at (0,28) width 80: "space:pre-wrap\","
                  RenderBR {BR} at (81,40) size 0x0
        layer at (3,75) size 156x32 clip at (4,76) size 154x30
          RenderTextControl {TEXTAREA} at (3,3) size 156x32 [bgcolor=#FFFFFF] [border: (1px solid #000000)]
            RenderBlock {DIV} at (3,3) size 150x13
              RenderText {#text} at (0,0) size 102x13
                text run at (0,0) width 102: "Lorem ipsum dolor"
        layer at (165,75) size 156x32 clip at (166,76) size 139x30 scrollWidth 154 scrollHeight 56
          RenderTextControl {TEXTAREA} at (3,17) size 156x32 [color=#545454] [bgcolor=#FFFFFF] [border: (1px solid #545454)]
            RenderBlock {DIV} at (3,3) size 150x52
              RenderText {#text} at (0,0) size 146x52
                text run at (0,0) width 105: "Lorem ipsum  dolor"
                text run at (104,0) width 5: " "
                text run at (0,13) width 146: "ABCDEFGHIJKLMNOPQRSTU"
                text run at (0,26) width 37: "VWXYZ"
                text run at (36,26) width 5: " "
                text run at (0,39) width 130: "abcdefghijklmnopqrstuv"
        layer at (327,59) size 172x48 clip at (328,60) size 155x46 scrollWidth 170 scrollHeight 72
          RenderTextControl {TEXTAREA} at (3,31) size 172x48 [bgcolor=#FFFFFF] [border: (1px solid #000000)]
            RenderBlock {DIV} at (11,11) size 150x52
              RenderText {#text} at (0,0) size 146x52
                text run at (0,0) width 105: "Lorem ipsum  dolor"
                text run at (104,0) width 5: " "
                text run at (0,13) width 146: "ABCDEFGHIJKLMNOPQRSTU"
                text run at (0,26) width 37: "VWXYZ"
                text run at (36,26) width 5: " "
                text run at (0,39) width 130: "abcdefghijklmnopqrstuv"
        layer at (505,79) size 152x28 clip at (506,80) size 135x26 scrollWidth 150 scrollHeight 52
          RenderTextControl {TEXTAREA} at (3,31) size 152x28 [bgcolor=#FFFFFF] [border: (1px solid #000000)]
            RenderBlock {DIV} at (1,1) size 150x52
              RenderText {#text} at (0,0) size 146x52
                text run at (0,0) width 105: "Lorem ipsum  dolor"
                text run at (104,0) width 5: " "
                text run at (0,13) width 146: "ABCDEFGHIJKLMNOPQRSTU"
                text run at (0,26) width 37: "VWXYZ"
                text run at (36,26) width 5: " "
                text run at (0,39) width 130: "abcdefghijklmnopqrstuv"
        layer at (11,183) size 156x32 clip at (12,184) size 139x30 scrollWidth 154 scrollHeight 56
          RenderTextControl {TEXTAREA} at (11,39) size 156x32 [bgcolor=#FFFFFF] [border: (1px solid #000000)]
            RenderBlock {DIV} at (3,3) size 150x52
              RenderText {#text} at (0,0) size 146x52
                text run at (0,0) width 105: "Lorem ipsum  dolor"
                text run at (104,0) width 5: " "
                text run at (0,13) width 146: "ABCDEFGHIJKLMNOPQRSTU"
                text run at (0,26) width 37: "VWXYZ"
                text run at (36,26) width 5: " "
                text run at (0,39) width 130: "abcdefghijklmnopqrstuv"
        layer at (179,193) size 156x32 clip at (180,194) size 139x30 scrollWidth 154 scrollHeight 56
          RenderTextControl {TEXTAREA} at (1,29) size 156x32 [bgcolor=#FFFFFF] [border: (1px solid #000000)]
            RenderBlock {DIV} at (3,3) size 150x52
              RenderText {#text} at (0,0) size 146x52
                text run at (0,0) width 105: "Lorem ipsum  dolor"
                text run at (104,0) width 5: " "
                text run at (0,13) width 146: "ABCDEFGHIJKLMNOPQRSTU"
                text run at (0,26) width 37: "VWXYZ"
                text run at (36,26) width 5: " "
                text run at (0,39) width 130: "abcdefghijklmnopqrstuv"
        layer at (337,191) size 60x32 clip at (338,192) size 43x30 scrollWidth 58 scrollHeight 134
          RenderTextControl {TEXTAREA} at (1,31) size 60x32 [bgcolor=#FFFFFF] [border: (1px solid #000000)]
            RenderBlock {DIV} at (3,3) size 54x130
              RenderText {#text} at (0,0) size 54x130
                text run at (0,0) width 34: "Lorem"
                text run at (33,0) width 5: " "
                text run at (0,13) width 33: "ipsum"
                text run at (32,13) width 8: "  "
                text run at (0,26) width 29: "dolor"
                text run at (28,26) width 4: " "
                text run at (0,39) width 50: "ABCDEFG"
                text run at (0,52) width 54: "HIJKLMNO"
                text run at (0,65) width 50: "PQRSTUV"
                text run at (0,78) width 30: "WXYZ"
                text run at (29,78) width 5: " "
                text run at (0,91) width 53: "abcdefghi"
                text run at (0,104) width 51: "jklmnopq"
                text run at (0,117) width 27: "rstuv"
        layer at (419,155) size 60x68 clip at (420,156) size 43x66 scrollWidth 58 scrollHeight 417
          RenderTextControl {TEXTAREA} at (1,45) size 60x68 [bgcolor=#FFFFFF] [border: (1px solid #000000)]
            RenderBlock {DIV} at (21,21) size 18x377
              RenderText {#text} at (0,0) size 18x377
                text run at (0,0) width 18: "Lor"
                text run at (0,13) width 17: "em"
                text run at (16,13) width 2: " "
                text run at (0,26) width 16: "ips"
                text run at (0,39) width 18: "um"
                text run at (0,52) width 7: "  "
                text run at (0,65) width 17: "dol"
                text run at (0,78) width 12: "or"
                text run at (11,78) width 4: " "
                text run at (0,91) width 14: "AB"
                text run at (0,104) width 16: "CD"
                text run at (0,117) width 12: "EF"
                text run at (0,130) width 17: "GH"
                text run at (0,143) width 14: "IJK"
                text run at (0,156) width 16: "LM"
                text run at (0,169) width 17: "NO"
                text run at (0,182) width 15: "PQ"
                text run at (0,195) width 13: "RS"
                text run at (0,208) width 15: "TU"
                text run at (0,221) width 17: "VW"
                text run at (0,234) width 14: "XY"
                text run at (0,247) width 7: "Z"
                text run at (6,247) width 5: " "
                text run at (0,260) width 13: "ab"
                text run at (0,273) width 13: "cd"
                text run at (0,286) width 18: "efg"
                text run at (0,299) width 14: "hij"
                text run at (0,312) width 10: "kl"
                text run at (0,325) width 18: "mn"
                text run at (0,338) width 14: "op"
                text run at (0,351) width 18: "qrs"
                text run at (0,364) width 17: "tuv"
        layer at (501,195) size 60x28 clip at (502,196) size 43x26 scrollWidth 58 scrollHeight 130
          RenderTextControl {TEXTAREA} at (1,45) size 60x28 [bgcolor=#FFFFFF] [border: (1px solid #000000)]
            RenderBlock {DIV} at (1,1) size 58x130
              RenderText {#text} at (0,0) size 58x130
                text run at (0,0) width 34: "Lorem"
                text run at (33,0) width 5: " "
                text run at (0,13) width 33: "ipsum"
                text run at (32,13) width 8: "  "
                text run at (0,26) width 29: "dolor"
                text run at (28,26) width 4: " "
                text run at (0,39) width 58: "ABCDEFGH"
                text run at (0,52) width 52: "IJKLMNOP"
                text run at (0,65) width 53: "QRSTUVW"
                text run at (0,78) width 21: "XYZ"
                text run at (20,78) width 4: " "
                text run at (0,91) width 56: "abcdefghij"
                text run at (0,104) width 58: "klmnopqrs"
                text run at (0,117) width 17: "tuv"
        layer at (585,165) size 156x60 clip at (586,166) size 154x58
          RenderTextControl {TEXTAREA} at (3,29) size 156x60 [bgcolor=#FFFFFF] [border: (1px solid #000000)]
            RenderBlock {DIV} at (3,3) size 150x52
              RenderText {#text} at (0,0) size 146x52
                text run at (0,0) width 105: "Lorem ipsum  dolor"
                text run at (104,0) width 5: " "
                text run at (0,13) width 146: "ABCDEFGHIJKLMNOPQRSTU"
                text run at (0,26) width 37: "VWXYZ"
                text run at (36,26) width 5: " "
                text run at (0,39) width 130: "abcdefghijklmnopqrstuv"
        layer at (1,283) size 60x60 clip at (2,284) size 43x58 scrollWidth 58 scrollHeight 134
          RenderTextControl {TEXTAREA} at (1,43) size 60x60 [bgcolor=#FFFFFF] [border: (1px solid #000000)]
            RenderBlock {DIV} at (3,3) size 54x130
              RenderText {#text} at (0,0) size 54x130
                text run at (0,0) width 34: "Lorem"
                text run at (33,0) width 5: " "
                text run at (0,13) width 33: "ipsum"
                text run at (32,13) width 8: "  "
                text run at (0,26) width 29: "dolor"
                text run at (28,26) width 4: " "
                text run at (0,39) width 50: "ABCDEFG"
                text run at (0,52) width 54: "HIJKLMNO"
                text run at (0,65) width 50: "PQRSTUV"
                text run at (0,78) width 30: "WXYZ"
                text run at (29,78) width 5: " "
                text run at (0,91) width 53: "abcdefghi"
                text run at (0,104) width 51: "jklmnopq"
                text run at (0,117) width 27: "rstuv"
        layer at (85,309) size 156x32 clip at (86,310) size 154x30 scrollHeight 56
          RenderTextControl {TEXTAREA} at (3,31) size 156x32 [bgcolor=#FFFFFF] [border: (1px solid #000000)]
            RenderBlock {DIV} at (3,3) size 150x52
              RenderText {#text} at (0,0) size 146x52
                text run at (0,0) width 105: "Lorem ipsum  dolor"
                text run at (104,0) width 5: " "
                text run at (0,13) width 146: "ABCDEFGHIJKLMNOPQRSTU"
                text run at (0,26) width 37: "VWXYZ"
                text run at (36,26) width 5: " "
                text run at (0,39) width 130: "abcdefghijklmnopqrstuv"
        layer at (247,299) size 156x42 clip at (248,300) size 139x25 scrollWidth 154 scrollHeight 56
          RenderTextControl {TEXTAREA} at (3,31) size 156x42 [bgcolor=#FFFFFF] [border: (1px solid #000000)]
            RenderBlock {DIV} at (3,3) size 150x52
              RenderText {#text} at (0,0) size 146x52
                text run at (0,0) width 105: "Lorem ipsum  dolor"
                text run at (104,0) width 5: " "
                text run at (0,13) width 146: "ABCDEFGHIJKLMNOPQRSTU"
                text run at (0,26) width 37: "VWXYZ"
                text run at (36,26) width 5: " "
                text run at (0,39) width 130: "abcdefghijklmnopqrstuv"
        layer at (407,283) size 60x60 clip at (408,284) size 58x58 scrollHeight 134
          RenderTextControl {TEXTAREA} at (1,57) size 60x60 [bgcolor=#FFFFFF] [border: (1px solid #000000)]
            RenderBlock {DIV} at (3,3) size 54x130
              RenderText {#text} at (0,0) size 54x130
                text run at (0,0) width 34: "Lorem"
                text run at (33,0) width 5: " "
                text run at (0,13) width 33: "ipsum"
                text run at (32,13) width 8: "  "
                text run at (0,26) width 29: "dolor"
                text run at (28,26) width 4: " "
                text run at (0,39) width 50: "ABCDEFG"
                text run at (0,52) width 54: "HIJKLMNO"
                text run at (0,65) width 50: "PQRSTUV"
                text run at (0,78) width 30: "WXYZ"
                text run at (29,78) width 5: " "
                text run at (0,91) width 53: "abcdefghi"
                text run at (0,104) width 51: "jklmnopq"
                text run at (0,117) width 27: "rstuv"
        layer at (489,283) size 60x60 clip at (490,284) size 43x43 scrollWidth 58 scrollHeight 134
          RenderTextControl {TEXTAREA} at (1,57) size 60x60 [bgcolor=#FFFFFF] [border: (1px solid #000000)]
            RenderBlock {DIV} at (3,3) size 54x130
              RenderText {#text} at (0,0) size 54x130
                text run at (0,0) width 34: "Lorem"
                text run at (33,0) width 5: " "
                text run at (0,13) width 33: "ipsum"
                text run at (32,13) width 8: "  "
                text run at (0,26) width 29: "dolor"
                text run at (28,26) width 4: " "
                text run at (0,39) width 50: "ABCDEFG"
                text run at (0,52) width 54: "HIJKLMNO"
                text run at (0,65) width 50: "PQRSTUV"
                text run at (0,78) width 30: "WXYZ"
                text run at (29,78) width 5: " "
                text run at (0,91) width 53: "abcdefghi"
                text run at (0,104) width 51: "jklmnopq"
                text run at (0,117) width 27: "rstuv"
        layer at (571,283) size 60x60 clip at (572,284) size 43x58 scrollWidth 58 scrollHeight 134
          RenderTextControl {TEXTAREA} at (1,43) size 60x60 [bgcolor=#FFFFFF] [border: (1px solid #000000)]
            RenderBlock {DIV} at (3,3) size 54x130
              RenderText {#text} at (0,0) size 54x130
                text run at (0,0) width 34: "Lorem"
                text run at (33,0) width 5: " "
                text run at (0,13) width 33: "ipsum"
                text run at (32,13) width 8: "  "
                text run at (0,26) width 29: "dolor"
                text run at (28,26) width 4: " "
                text run at (0,39) width 50: "ABCDEFG"
                text run at (0,52) width 54: "HIJKLMNO"
                text run at (0,65) width 50: "PQRSTUV"
                text run at (0,78) width 30: "WXYZ"
                text run at (29,78) width 5: " "
                text run at (0,91) width 53: "abcdefghi"
                text run at (0,104) width 51: "jklmnopq"
                text run at (0,117) width 27: "rstuv"
        layer at (653,283) size 60x60 clip at (654,284) size 43x58 scrollWidth 58 scrollHeight 134
          RenderTextControl {TEXTAREA} at (1,43) size 60x60 [bgcolor=#FFFFFF] [border: (1px solid #000000)]
            RenderBlock {DIV} at (3,3) size 54x130
              RenderText {#text} at (0,0) size 54x130
                text run at (0,0) width 34: "Lorem"
                text run at (33,0) width 5: " "
                text run at (0,13) width 33: "ipsum"
                text run at (32,13) width 8: "  "
                text run at (0,26) width 29: "dolor"
                text run at (28,26) width 4: " "
                text run at (0,39) width 50: "ABCDEFG"
                text run at (0,52) width 54: "HIJKLMNO"
                text run at (0,65) width 50: "PQRSTUV"
                text run at (0,78) width 30: "WXYZ"
                text run at (29,78) width 5: " "
                text run at (0,91) width 53: "abcdefghi"
                text run at (0,104) width 51: "jklmnopq"
                text run at (0,117) width 27: "rstuv"
        layer at (1,401) size 60x60 clip at (2,402) size 43x58 scrollWidth 58 scrollHeight 134
          RenderTextControl {TEXTAREA} at (1,57) size 60x60 [bgcolor=#FFFFFF] [border: (1px solid #000000)]
            RenderBlock {DIV} at (3,3) size 54x130
              RenderText {#text} at (0,0) size 54x130
                text run at (0,0) width 34: "Lorem"
                text run at (33,0) width 5: " "
                text run at (0,13) width 33: "ipsum"
                text run at (32,13) width 8: "  "
                text run at (0,26) width 29: "dolor"
                text run at (28,26) width 4: " "
                text run at (0,39) width 50: "ABCDEFG"
                text run at (0,52) width 54: "HIJKLMNO"
                text run at (0,65) width 50: "PQRSTUV"
                text run at (0,78) width 30: "WXYZ"
                text run at (29,78) width 5: " "
                text run at (0,91) width 53: "abcdefghi"
                text run at (0,104) width 51: "jklmnopq"
                text run at (0,117) width 27: "rstuv"
        layer at (85,427) size 37x32 clip at (86,428) size 20x30 scrollWidth 35 scrollHeight 225
          RenderTextControl {TEXTAREA} at (3,17) size 37x32 [bgcolor=#FFFFFF] [border: (1px solid #000000)]
            RenderBlock {DIV} at (3,3) size 31x221
              RenderText {#text} at (0,0) size 31x221
                text run at (0,0) width 24: "Lore"
                text run at (0,13) width 11: "m"
                text run at (10,13) width 4: " "
                text run at (0,26) width 23: "ipsu"
                text run at (0,39) width 11: "m"
                text run at (10,39) width 8: "  "
                text run at (0,52) width 29: "dolor"
                text run at (28,52) width 3: " "
                text run at (0,65) width 30: "ABCD"
                text run at (0,78) width 28: "EFGH"
                text run at (0,91) width 30: "IJKLM"
                text run at (0,104) width 23: "NOP"
                text run at (0,117) width 29: "QRST"
                text run at (0,130) width 25: "UVW"
                text run at (0,143) width 21: "XYZ"
                text run at (20,143) width 4: " "
                text run at (0,156) width 26: "abcd"
                text run at (0,169) width 31: "efghij"
                text run at (0,182) width 27: "klmn"
                text run at (0,195) width 31: "opqrs"
                text run at (0,208) width 17: "tuv"
        layer at (167,414) size 156x45 clip at (168,415) size 139x43 scrollWidth 154 scrollHeight 56
          RenderTextControl {TEXTAREA} at (3,17) size 156x45 [bgcolor=#FFFFFF] [border: (1px solid #000000)]
            RenderBlock {DIV} at (3,3) size 150x52
              RenderText {#text} at (0,0) size 146x52
                text run at (0,0) width 105: "Lorem ipsum  dolor"
                text run at (104,0) width 5: " "
                text run at (0,13) width 146: "ABCDEFGHIJKLMNOPQRSTU"
                text run at (0,26) width 37: "VWXYZ"
                text run at (36,26) width 5: " "
                text run at (0,39) width 130: "abcdefghijklmnopqrstuv"
        layer at (329,427) size 65x32 clip at (330,428) size 48x30 scrollWidth 63 scrollHeight 134
          RenderTextControl {TEXTAREA} at (3,17) size 65x32 [bgcolor=#FFFFFF] [border: (1px solid #000000)]
            RenderBlock {DIV} at (3,3) size 59x130
              RenderText {#text} at (0,0) size 58x130
                text run at (0,0) width 34: "Lorem"
                text run at (33,0) width 5: " "
                text run at (0,13) width 33: "ipsum"
                text run at (32,13) width 8: "  "
                text run at (0,26) width 29: "dolor"
                text run at (28,26) width 4: " "
                text run at (0,39) width 58: "ABCDEFGH"
                text run at (0,52) width 52: "IJKLMNOP"
                text run at (0,65) width 53: "QRSTUVW"
                text run at (0,78) width 21: "XYZ"
                text run at (20,78) width 4: " "
                text run at (0,91) width 56: "abcdefghij"
                text run at (0,104) width 58: "klmnopqrs"
                text run at (0,117) width 17: "tuv"
        layer at (411,362) size 156x97 clip at (412,363) size 154x95
          RenderTextControl {TEXTAREA} at (3,17) size 156x97 [bgcolor=#FFFFFF] [border: (1px solid #000000)]
            RenderBlock {DIV} at (3,3) size 150x52
              RenderText {#text} at (0,0) size 146x52
                text run at (0,0) width 105: "Lorem ipsum  dolor"
                text run at (104,0) width 5: " "
                text run at (0,13) width 146: "ABCDEFGHIJKLMNOPQRSTU"
                text run at (0,26) width 37: "VWXYZ"
                text run at (36,26) width 5: " "
                text run at (0,39) width 130: "abcdefghijklmnopqrstuv"
        layer at (573,401) size 51x58 clip at (574,402) size 34x56 scrollWidth 49 scrollHeight 160
          RenderTextControl {TEXTAREA} at (3,31) size 51x58 [bgcolor=#FFFFFF] [border: (1px solid #000000)]
            RenderBlock {DIV} at (3,3) size 45x156
              RenderText {#text} at (0,0) size 45x156
                text run at (0,0) width 34: "Lorem"
                text run at (33,0) width 5: " "
                text run at (0,13) width 33: "ipsum"
                text run at (32,13) width 8: "  "
                text run at (0,26) width 29: "dolor"
                text run at (28,26) width 4: " "
                text run at (0,39) width 42: "ABCDEF"
                text run at (0,52) width 36: "GHIJKL"
                text run at (0,65) width 41: "MNOPQ"
                text run at (0,78) width 45: "RSTUVW"
                text run at (0,91) width 21: "XYZ"
                text run at (20,91) width 4: " "
                text run at (0,104) width 43: "abcdefg"
                text run at (0,117) width 41: "hijklmn"
                text run at (0,130) width 42: "opqrstu"
                text run at (0,143) width 6: "v"
        layer at (3,483) size 156x42 clip at (4,484) size 154x25 scrollWidth 427 scrollHeight 40
          RenderTextControl {TEXTAREA} at (3,17) size 156x42 [bgcolor=#FFFFFF] [border: (1px solid #000000)]
            RenderBlock {DIV} at (3,3) size 150x13
              RenderText {#text} at (0,0) size 425x13
                text run at (0,0) width 425: "Lorem ipsum  dolor ABCDEFGHIJKLMNOPQRSTUVWXYZ abcdefghijklmnopqrstuv"
        layer at (165,493) size 156x32 clip at (166,494) size 139x30 scrollWidth 154 scrollHeight 56
          RenderTextControl {TEXTAREA} at (3,17) size 156x32 [bgcolor=#FFFFFF] [border: (1px solid #000000)]
            RenderBlock {DIV} at (3,3) size 150x52
              RenderText {#text} at (0,0) size 146x52
                text run at (0,0) width 105: "Lorem ipsum  dolor"
                text run at (104,0) width 5: " "
                text run at (0,13) width 146: "ABCDEFGHIJKLMNOPQRSTU"
                text run at (0,26) width 37: "VWXYZ"
                text run at (36,26) width 5: " "
                text run at (0,39) width 130: "abcdefghijklmnopqrstuv"
        layer at (327,493) size 156x32 clip at (328,494) size 139x30 scrollWidth 154 scrollHeight 56
          RenderTextControl {TEXTAREA} at (3,17) size 156x32 [bgcolor=#FFFFFF] [border: (1px solid #000000)]
            RenderBlock {DIV} at (3,3) size 150x52
              RenderText {#text} at (0,0) size 146x52
                text run at (0,0) width 105: "Lorem ipsum  dolor"
                text run at (104,0) width 5: " "
                text run at (0,13) width 146: "ABCDEFGHIJKLMNOPQRSTU"
                text run at (0,26) width 37: "VWXYZ"
                text run at (36,26) width 5: " "
                text run at (0,39) width 130: "abcdefghijklmnopqrstuv"
        layer at (489,493) size 156x32 clip at (490,494) size 139x30 scrollWidth 154 scrollHeight 56
          RenderTextControl {TEXTAREA} at (3,31) size 156x32 [bgcolor=#FFFFFF] [border: (1px solid #000000)]
            RenderBlock {DIV} at (3,3) size 150x52
              RenderText {#text} at (0,0) size 146x52
                text run at (0,0) width 74: "Lorem ipsum "
                text run at (73,0) width 29: "dolor"
                text run at (0,13) width 146: "ABCDEFGHIJKLMNOPQRSTU"
                text run at (0,26) width 37: "VWXYZ"
                text run at (0,39) width 130: "abcdefghijklmnopqrstuv"
        layer at (3,559) size 156x32 clip at (4,560) size 139x30 scrollWidth 154 scrollHeight 43
          RenderTextControl {TEXTAREA} at (3,31) size 156x32 [bgcolor=#FFFFFF] [border: (1px solid #000000)]
            RenderBlock {DIV} at (3,3) size 150x39
              RenderText {#text} at (0,0) size 150x39
                text run at (0,0) width 150: "Lorem ipsum  dolor ABCDEF"
                text run at (0,13) width 145: "GHIJKLMNOPQRSTUVWXYZ "
                text run at (0,26) width 130: "abcdefghijklmnopqrstuv"
        layer at (165,559) size 156x32 clip at (166,560) size 139x30 scrollWidth 154 scrollHeight 56
          RenderTextControl {TEXTAREA} at (3,31) size 156x32 [bgcolor=#FFFFFF] [border: (1px solid #000000)]
            RenderBlock {DIV} at (3,3) size 150x52
              RenderText {#text} at (0,0) size 146x52
                text run at (0,0) width 105: "Lorem ipsum  dolor"
                text run at (104,0) width 5: " "
                text run at (0,13) width 146: "ABCDEFGHIJKLMNOPQRSTU"
                text run at (0,26) width 37: "VWXYZ"
                text run at (36,26) width 5: " "
                text run at (0,39) width 130: "abcdefghijklmnopqrstuv"
        layer at (327,559) size 156x32 clip at (328,560) size 154x15 scrollWidth 423 scrollHeight 30
          RenderTextControl {TEXTAREA} at (3,31) size 156x32 [bgcolor=#FFFFFF] [border: (1px solid #000000)]
            RenderBlock {DIV} at (3,3) size 150x13
              RenderText {#text} at (0,0) size 421x13
                text run at (0,0) width 74: "Lorem ipsum "
                text run at (73,0) width 348: "dolor ABCDEFGHIJKLMNOPQRSTUVWXYZ abcdefghijklmnopqrstuv"
        layer at (489,559) size 156x32 clip at (490,560) size 139x30 scrollWidth 154 scrollHeight 56
          RenderTextControl {TEXTAREA} at (3,31) size 156x32 [bgcolor=#FFFFFF] [border: (1px solid #000000)]
            RenderBlock {DIV} at (3,3) size 150x52
              RenderText {#text} at (0,0) size 146x52
                text run at (0,0) width 74: "Lorem ipsum "
                text run at (73,0) width 29: "dolor"
                text run at (0,13) width 146: "ABCDEFGHIJKLMNOPQRSTU"
                text run at (0,26) width 37: "VWXYZ"
                text run at (0,39) width 130: "abcdefghijklmnopqrstuv"
        layer at (3,639) size 156x42 clip at (4,640) size 139x25 scrollWidth 185 scrollHeight 43
          RenderTextControl {TEXTAREA} at (3,31) size 156x42 [bgcolor=#FFFFFF] [border: (1px solid #000000)]
            RenderBlock {DIV} at (3,3) size 150x39
              RenderText {#text} at (0,0) size 183x39
                text run at (0,0) width 105: "Lorem ipsum  dolor"
                text run at (104,0) width 5: " "
                text run at (0,13) width 183: "ABCDEFGHIJKLMNOPQRSTUVWXYZ"
                text run at (0,26) width 134: " abcdefghijklmnopqrstuv"
        layer at (165,639) size 156x42 clip at (166,640) size 139x25 scrollWidth 185 scrollHeight 43
          RenderTextControl {TEXTAREA} at (3,45) size 156x42 [bgcolor=#FFFFFF] [border: (1px solid #000000)]
            RenderBlock {DIV} at (3,3) size 150x39
              RenderText {#text} at (0,0) size 183x39
                text run at (0,0) width 105: "Lorem ipsum  dolor"
                text run at (104,0) width 5: " "
                text run at (0,13) width 183: "ABCDEFGHIJKLMNOPQRSTUVWXYZ"
                text run at (0,26) width 134: " abcdefghijklmnopqrstuv"
      RenderText {#text} at (0,0) size 0x0
